<html>
<body>
<pre>
<h1>µVision Build Log</h1>
<h2>Tool Versions:</h2>
IDE-Version: ¦ÌVision V5.14.0.0
Copyright (C) 2015 ARM Ltd and ARM Germany GmbH. All rights reserved.
License Information: MI MI, MI, LIC=Q7GJJ-U4F9G-EYSVT-RA6JP-5DIAS-LIKYK
 
Tool Versions:
Toolchain:       MDK-ARM Professional  Version: 5.14.0.0
Toolchain Path:  F:\Keil_5\ARM\ARMCC\Bin
C Compiler:      Armcc.exe V5.05 update 1 (build 106)
Assembler:       Armasm.exe V5.05 update 1 (build 106)
Linker/Locator:  ArmLink.exe V5.05 update 1 (build 106)
Library Manager: ArmAr.exe V5.05 update 1 (build 106)
Hex Converter:   FromElf.exe V5.05 update 1 (build 106)
CPU DLL:         SARMCM3.DLL V5.14.0.0
Dialog DLL:      DCM.DLL V1.13.1.0
Target DLL:      CMSIS_AGDI.dll V1.21.0.0
Dialog DLL:      TCM.DLL V1.14.4.0
 
<h2>Project:</h2>
C:\Users\MI\Desktop\YT-SW18-30\STM32\Z10GYL\MDK-ARM\Switch_matrix.uvprojx
Project File Date:  12/28/2022

<h2>Output:</h2>
Build target 'Switch_matrix'
assembling startup_stm32f429xx.s...
compiling main.c...
compiling gpio.c...
compiling usart.c...
compiling stm32f4xx_it.c...
compiling stm32f4xx_hal_msp.c...
linking...
Program Size: Code=7654 RO-data=486 RW-data=24 ZI-data=1968  
FromELF: creating hex file...
"Switch_matrix\Switch_matrix.axf" - 0 Error(s), 0 Warning(s).

<h2>Software Packages used:</h2>

Package Vendor: ARM
                http://www.keil.com/pack/ARM.CMSIS.4.2.0.pack
                ARM::CMSIS:CORE:3.40.0
                CMSIS (Cortex Microcontroller Software Interface Standard)
   * Component: CORE Version: 3.40.0

<h2>Collection of Component include folders:</h2>
  C:\Users\MI\Desktop\YT-SW18-30\STM32\Z10GYL\MDK-ARM\RTE
  F:\Keil_5\ARM\PACK\ARM\CMSIS\4.2.0\CMSIS\Include
  F:\Keil_5\ARM\PACK\Keil\STM32F4xx_DFP\2.16.0

<h2>Collection of Component Files used:</h2>

   * Component: ARM::CMSIS:CORE:3.40.0
      Source file:   CMSIS\UserCodeTemplates\ARM\ITM_Retarget.c
</pre>
</body>
</html>
